Microchip MPLAB XC8 Compiler V3.00

Linker command line:

-W-3 \
  --edf=C:/Program Files/Microchip/MPLABX/v6.25/packs/Microchip/PIC18F-K_DFP/1.14.301/xc8\pic\dat\20241213203129_en.msgs \
  -cn -h+dist/default/production\acw.X.production.sym \
  --cmf=dist/default/production\acw.X.production.cmf -z -Q18F45K22 \
  -oC:\Users\719588\AppData\Local\Temp\xcAs7d0.\driver_tmp_3.o \
  --defsym=__MPLAB_BUILD=1 --fixupoverflow=error \
  -Mdist/default/production/acw.X.production.map \
  --md=C:\Users\719588\AppData\Local\Temp\xcAs7d0.\driver_tmp_0.dat -E1 \
  -ver=XC8 Compiler -ACODE=00h-07FFFh -ACONST=00h-07FFFh \
  -ASMALLCONST=0600h-06FFhx122 -AMEDIUMCONST=0600h-07FFFh -ACOMRAM=01h-05Fh \
  -AABS1=00h-05FFh -ABIGRAM=01h-05FFh -ARAM=060h-0FFh,0100h-01FFhx5 \
  -ABANK0=060h-0FFh -ABANK1=0100h-01FFh -ABANK2=0200h-02FFh \
  -ABANK3=0300h-03FFh -ABANK4=0400h-04FFh -ABANK5=0500h-05FFh \
  -ASFR=0F38h-0F5Fh,0F60h-0FFFh -ABIGSFR=0F38h-0FFFh \
  -ACONFIG=0300000h-030000Dh -AIDLOC=0200000h-0200007h \
  -AEEDATA=0F00000h-0F000FFh -peeprom_data=EEDATA \
  -preset_vec=00h,intcode=8h,intcodelo=18h,sivt_lo,sivt_hi=CODE \
  -ppowerup=CODE,init -pramtop=0600h -psmallconst=SMALLCONST \
  -pmediumconst=MEDIUMCONST -pconst=CONST -AFARRAM=00h-00h \
  -prdata=COMRAM,nvrram=COMRAM,nvbit=COMRAM,rbss=COMRAM,rbit=COMRAM \
  -pfarbss=FARRAM,fardata=FARRAM,nvFARRAM=FARRAM \
  -pintsave_regs=BIGRAM,bigbss=BIGRAM,bigdata=BIGRAM -pbss=RAM \
  -pidata=CODE,irdata=CODE,ibigdata=CODE,ifardata=CODE -prparam=COMRAM \
  C:\Users\719588\AppData\Local\Temp\xcAs7d0.\driver_tmp_9.o \
  dist/default/production\acw.X.production.o 

Object code version is 3.11

Machine type is 18F45K22



                Name                               Link     Load   Length Selector   Space Scale
C:\Users\719588\AppData\Local\Temp\xcAs7d0.\driver_tmp_9.o
                config                           300000   300000        E        0       4
                init                               7FFC     7FFC        4     3FFE       0
                reset_vec                             0        0        4        0       0
dist/default/production\acw.X.production.o
                config                           300000   300000        E        0       4
                smallconst                          600      600        E      300       0
                text10                              780      780        C      307       0
                text9                               7A0      7A0        A      307       0
                text8                               796      796        A      307       0
                text7                               78C      78C        A      307       0
                text6                               70C      70C       34      307       0
                text5                               6D6      6D6       36      307       0
                text4                               772      772        E      307       0
                text3                               672      672       64      307       0
                text2                               762      762       10      307       0
                text1                               752      752       10      307       0
                text0                               60E      60E       64      307       0
                cstackCOMRAM                          B        B        4        1       1
                bssCOMRAM                             7        7        4        1       1
                cinit                               740      740       12      307       0
                nvCOMRAM                              1        1        6        1       1

TOTAL           Name                               Link     Load   Length     Space
        CLASS   CODE           
                init                               7FFC     7FFC        4         0
                reset_vec                             0        0        4         0
                text10                              780      780        C         0
                text9                               7A0      7A0        A         0
                text8                               796      796        A         0
                text7                               78C      78C        A         0
                text6                               70C      70C       34         0
                text5                               6D6      6D6       36         0
                text4                               772      772        E         0
                text3                               672      672       64         0
                text2                               762      762       10         0
                text1                               752      752       10         0
                text0                               60E      60E       64         0
                cinit                               740      740       12         0

        CLASS   CONST          

        CLASS   SMALLCONST     
                smallconst                          600      600        E         0

        CLASS   MEDIUMCONST    

        CLASS   COMRAM         
                cstackCOMRAM                          B        B        4         1
                bssCOMRAM                             7        7        4         1
                nvCOMRAM                              1        1        6         1

        CLASS   ABS1           

        CLASS   BIGRAM         

        CLASS   RAM            

        CLASS   BANK0          

        CLASS   BANK1          

        CLASS   BANK2          

        CLASS   BANK3          

        CLASS   BANK4          

        CLASS   BANK5          

        CLASS   SFR            

        CLASS   BIGSFR         

        CLASS   CONFIG         
                config                           300000   300000        E         4

        CLASS   IDLOC          

        CLASS   EEDATA         

        CLASS   FARRAM         

        CLASS   HEAP           

        CLASS   STACK          



SEGMENTS        Name                           Load    Length   Top    Selector   Space  Class

                reset_vec                      000000  000004  000004         0       0  CODE    
                nvCOMRAM                       000001  00000E  00000F         1       1  COMRAM  
                smallconst                     000600  00000E  00060E       300       0  SMALLCON
                text0                          00060E  00019C  0007AA       307       0  CODE    
                init                           007FFC  000004  008000      3FFE       0  CODE    


UNUSED ADDRESS RANGES

        Name                Unused          Largest block    Delta
        BANK0            000060-0000FF               A0
        BANK1            000100-0001FF              100
        BANK2            000200-0002FF              100
        BANK3            000300-0003FF              100
        BANK4            000400-0004FF              100
        BANK5            000500-0005FF              100
        BIGRAM           00000F-0005FF              5F1
        BIGSFR           000F38-000FFF               C8
        CODE             000004-0005FF              5FC
                         0007AA-007FFB             7852
        COMRAM           00000F-00005F               51
        CONST            000004-0005FF              5FC
                         0007AA-007FFB             7852
        EEDATA           F00000-F000FF              100
        IDLOC            200000-200007                8
        MEDIUMCONST      0007AA-007FFB             7852
        RAM              000060-0005FF              100
        SFR              000F38-000FFF               28
        SMALLCONST       0007AA-007FFB              100

                                  Symbol Table

INT0_SetInterruptHandler@InterruptHandler cstackCOMRAM 00000B
INT1_SetInterruptHandler@InterruptHandler cstackCOMRAM 00000B
INT2_SetInterruptHandler@InterruptHandler cstackCOMRAM 00000B
_ANSELA                                   (abs)        000F38
_ANSELB                                   (abs)        000F39
_ANSELC                                   (abs)        000F3A
_ANSELD                                   (abs)        000F3B
_ANSELE                                   (abs)        000F3C
_CLOCK_Initialize                         text10       000780
_INT0_DefaultInterruptHandler             (abs)        000000
_INT0_InterruptHandler                    nvCOMRAM     000005
_INT0_SetInterruptHandler                 text9        0007A0
_INT1_DefaultInterruptHandler             (abs)        000000
_INT1_InterruptHandler                    nvCOMRAM     000003
_INT1_SetInterruptHandler                 text8        000796
_INT2_DefaultInterruptHandler             (abs)        000000
_INT2_InterruptHandler                    nvCOMRAM     000001
_INT2_SetInterruptHandler                 text7        00078C
_INTCON2bits                              (abs)        000FF1
_INTCON3bits                              (abs)        000FF0
_INTCONbits                               (abs)        000FF2
_INTERRUPT_Initialize                     text6        00070C
_IOCB                                     (abs)        000F62
_LATA                                     (abs)        000F89
_LATB                                     (abs)        000F8A
_LATC                                     (abs)        000F8B
_LATD                                     (abs)        000F8C
_LATE                                     (abs)        000F8D
_OSCCON                                   (abs)        000FD3
_OSCCON2                                  (abs)        000FD2
_OSCTUNE                                  (abs)        000F9B
_PIN_MANAGER_Initialize                   text5        0006D6
_PORTA                                    (abs)        000F80
_PORTD                                    (abs)        000F83
_RCONbits                                 (abs)        000FD0
_SYSTEM_Initialize                        text4        000772
_TRISA                                    (abs)        000F92
_TRISB                                    (abs)        000F93
_TRISC                                    (abs)        000F94
_TRISD                                    (abs)        000F95
_TRISE                                    (abs)        000F96
_WPUB                                     (abs)        000F61
__HRAM                                    (abs)        000000
__H__absolute__                           __absolute__ 000000
__Habs1                                   abs1         000000
__Hbank0                                  bank0        000000
__Hbank1                                  bank1        000000
__Hbank2                                  bank2        000000
__Hbank3                                  bank3        000000
__Hbank4                                  bank4        000000
__Hbank5                                  bank5        000000
__Hbigbss                                 bigbss       000000
__Hbigdata                                bigdata      000000
__Hbigram                                 bigram       000000
__Hbigsfr                                 bigsfr       000000
__Hbss                                    bss          000000
__HbssCOMRAM                              bssCOMRAM    000000
__Hcinit                                  cinit        000000
__Hclrtext                                clrtext      000000
__Hcomram                                 comram       000000
__Hconfig                                 config       30000E
__Hconst                                  const        000000
__HcstackCOMRAM                           cstackCOMRAM 000000
__Hdata                                   data         000000
__Heeprom_data                            eeprom_data  000000
__Hfarbss                                 farbss       000000
__Hfardata                                fardata      000000
__Hheap                                   heap         000000
__Hibigdata                               ibigdata     000000
__Hidata                                  idata        000000
__Hidloc                                  idloc        000000
__Hifardata                               ifardata     000000
__Hinit                                   init         008000
__Hintcode                                intcode      000008
__Hintcode_body                           intcode_body 000000
__Hintcodelo                              intcodelo    000018
__Hintentry                               intentry     000000
__Hintret                                 intret       000000
__Hintsave_regs                           intsave_regs 000000
__Hirdata                                 irdata       000000
__Hmediumconst                            mediumconst  000000
__HnvCOMRAM                               nvCOMRAM     000000
__HnvFARRAM                               nvFARRAM     000000
__Hnvbit                                  nvbit        000000
__Hnvrram                                 nvrram       000000
__Hparam                                  rparam       000000
__Hpowerup                                powerup      000000
__Hram                                    ram          000000
__Hramtop                                 ramtop       000600
__Hrbit                                   rbit         000000
__Hrbss                                   rbss         000000
__Hrdata                                  rdata        000000
__Hreset_vec                              reset_vec    000004
__Hrparam                                 rparam       000000
__Hsfr                                    sfr          000000
__Hsivt_hi                                sivt_hi      000000
__Hsivt_lo                                sivt_lo      000018
__Hsmallconst                             smallconst   00060E
__Hspace_0                                (abs)        008000
__Hspace_1                                (abs)        00000F
__Hspace_2                                (abs)        000000
__Hspace_4                                (abs)        60000E
__Hstack                                  stack        000000
__Hstruct                                 struct       000000
__Htemp                                   temp         000000
__Htext                                   text         000000
__Htext0                                  text0        000000
__Htext1                                  text1        000000
__Htext10                                 text10       000000
__Htext2                                  text2        000000
__Htext3                                  text3        000000
__Htext4                                  text4        000000
__Htext5                                  text5        000000
__Htext6                                  text6        000000
__Htext7                                  text7        000000
__Htext8                                  text8        000000
__Htext9                                  text9        000000
__LRAM                                    (abs)        000001
__L__absolute__                           __absolute__ 000000
__Labs1                                   abs1         000000
__Lbank0                                  bank0        000000
__Lbank1                                  bank1        000000
__Lbank2                                  bank2        000000
__Lbank3                                  bank3        000000
__Lbank4                                  bank4        000000
__Lbank5                                  bank5        000000
__Lbigbss                                 bigbss       000000
__Lbigdata                                bigdata      000000
__Lbigram                                 bigram       000000
__Lbigsfr                                 bigsfr       000000
__Lbss                                    bss          000000
__LbssCOMRAM                              bssCOMRAM    000000
__Lcinit                                  cinit        000000
__Lclrtext                                clrtext      000000
__Lcomram                                 comram       000000
__Lconfig                                 config       000000
__Lconst                                  const        000000
__LcstackCOMRAM                           cstackCOMRAM 000000
__Ldata                                   data         000000
__Leeprom_data                            eeprom_data  000000
__Lfarbss                                 farbss       000000
__Lfardata                                fardata      000000
__Lheap                                   heap         000000
__Libigdata                               ibigdata     000000
__Lidata                                  idata        000000
__Lidloc                                  idloc        000000
__Lifardata                               ifardata     000000
__Linit                                   init         007FFC
__Lintcode                                intcode      000008
__Lintcode_body                           intcode_body 000000
__Lintcodelo                              intcodelo    000018
__Lintentry                               intentry     000000
__Lintret                                 intret       000000
__Lintsave_regs                           intsave_regs 000000
__Lirdata                                 irdata       000000
__Lmediumconst                            mediumconst  000000
__LnvCOMRAM                               nvCOMRAM     000000
__LnvFARRAM                               nvFARRAM     000000
__Lnvbit                                  nvbit        000000
__Lnvrram                                 nvrram       000000
__Lparam                                  rparam       000000
__Lpowerup                                powerup      000000
__Lram                                    ram          000000
__Lramtop                                 ramtop       000600
__Lrbit                                   rbit         000000
__Lrbss                                   rbss         000000
__Lrdata                                  rdata        000000
__Lreset_vec                              reset_vec    000000
__Lrparam                                 rparam       000000
__Lsfr                                    sfr          000000
__Lsivt_hi                                sivt_hi      000000
__Lsivt_lo                                sivt_lo      000018
__Lsmallconst                             smallconst   000600
__Lspace_0                                (abs)        000000
__Lspace_1                                (abs)        000000
__Lspace_2                                (abs)        000000
__Lspace_4                                (abs)        000000
__Lstack                                  stack        000000
__Lstruct                                 struct       000000
__Ltemp                                   temp         000000
__Ltext                                   text         000000
__Ltext0                                  text0        000000
__Ltext1                                  text1        000000
__Ltext10                                 text10       000000
__Ltext2                                  text2        000000
__Ltext3                                  text3        000000
__Ltext4                                  text4        000000
__Ltext5                                  text5        000000
__Ltext6                                  text6        000000
__Ltext7                                  text7        000000
__Ltext8                                  text8        000000
__Ltext9                                  text9        000000
__S0                                      (abs)        008000
__S1                                      (abs)        00000F
__S4                                      (abs)        000000
__S5                                      (abs)        000000
___heap_hi                                (abs)        000000
___heap_lo                                (abs)        000000
___inthi_sp                               stack        000000
___inthi_stack_hi                         stack        000000
___inthi_stack_lo                         stack        000000
___intlo_sp                               stack        000000
___intlo_stack_hi                         stack        000000
___intlo_stack_lo                         stack        000000
___param_bank                             (abs)        000000
___rparam_used                            (abs)        000001
___sp                                     stack        000000
___stack_hi                               stack        000000
___stack_lo                               stack        000000
__accesstop                               (abs)        000060
__activetblptr                            (abs)        000002
__disp                                    bssCOMRAM    000007
__end_of_CLOCK_Initialize                 text10       00078C
__end_of_INT0_SetInterruptHandler         text9        0007AA
__end_of_INT1_SetInterruptHandler         text8        0007A0
__end_of_INT2_SetInterruptHandler         text7        000796
__end_of_INTERRUPT_Initialize             text6        000740
__end_of_PIN_MANAGER_Initialize           text5        00070C
__end_of_SYSTEM_Initialize                text4        000780
__end_of__initialization                  cinit        000748
__end_of_digits                           smallconst   00060C
__end_of_main                             text0        000672
__end_of_mult_disp                        text3        0006D6
__end_of_xiiseg_display                   text2        000772
__end_of_xiiseg_init                      text1        000762
__initialization                          cinit        000740
__mediumconst                             smallconst   000600
__pbssCOMRAM                              bssCOMRAM    000007
__pcinit                                  cinit        000740
__pcstackCOMRAM                           cstackCOMRAM 00000B
__pnvCOMRAM                               nvCOMRAM     000001
__psmallconst                             smallconst   000600
__ptext0                                  text0        00060E
__ptext1                                  text1        000752
__ptext10                                 text10       000780
__ptext2                                  text2        000762
__ptext3                                  text3        000672
__ptext4                                  text4        000772
__ptext5                                  text5        0006D6
__ptext6                                  text6        00070C
__ptext7                                  text7        00078C
__ptext8                                  text8        000796
__ptext9                                  text9        0007A0
__ramtop                                  ramtop       000600
__smallconst                              smallconst   000600
_digits                                   smallconst   000601
_main                                     text0        00060E
_mult_disp                                text3        000672
_xiiseg_display                           text2        000762
_xiiseg_init                              text1        000752
end_of_initialization                     cinit        000748
intlevel0                                 text         000000
intlevel1                                 text         000000
intlevel2                                 text         000000
intlevel3                                 text         000000
isa$std                                   (abs)        000001
isa$xinst                                 (abs)        000000
mult_disp@i                               cstackCOMRAM 00000D
stackhi                                   (abs)        000000
stacklo                                   (abs)        000000
start                                     init         007FFC
start_initialization                      cinit        000740
xiiseg_display@index                      cstackCOMRAM 00000C
xiiseg_display@value                      cstackCOMRAM 00000B


MODULE INFORMATION

Module		Function		Class		Link	Load	Size
sevenseg.c
		_xiiseg_init   		CODE           	0752	0000	16
		_mult_disp     		CODE           	0672	0000	100
		_xiiseg_display		CODE           	0762	0000	16

sevenseg.c estimated size: 132

mcc_generated_files/system/src/interrupt.c
		_INT0_SetInterruptHandler		CODE           	07A0	0000	10
		_INT1_SetInterruptHandler		CODE           	0796	0000	10
		_INT2_SetInterruptHandler		CODE           	078C	0000	10
		_INTERRUPT_Initialize		CODE           	070C	0000	52

mcc_generated_files/system/src/interrupt.c estimated size: 82

mcc_generated_files/system/src/pins.c
		_PIN_MANAGER_Initialize		CODE           	06D6	0000	54

mcc_generated_files/system/src/pins.c estimated size: 54

shared
		_digits        		SMALLCONST     	0601	0000	11
		__initialization		CODE           	0740	0000	8

shared estimated size: 19

mcc_generated_files/system/src/clock.c
		_CLOCK_Initialize		CODE           	0780	0000	12

mcc_generated_files/system/src/clock.c estimated size: 12

main.c
		_main          		CODE           	060E	0000	100

main.c estimated size: 100

mcc_generated_files/system/src/system.c
		_SYSTEM_Initialize		CODE           	0772	0000	14

mcc_generated_files/system/src/system.c estimated size: 14

